// Jest Snapshot v1, https://goo.gl/fbAQLP

exports[`>>> Alert --- Snapshot +++capturing Snapshot of Alert 1`] = `
<div
  className="dp-alert dp-alert--success dp-bg--success test-class"
>
  <i
    className="fa fa-exclamation-triangle dp-icon dp-icon--s dp-alert__icon"
  />
  <div
    className="dp-alert__content"
  >
    Success!
  </div>
  <svg
    aria-hidden="true"
    className="svg-inline--fa fa-times fa-w-12 fa-xs dp-alert__close"
    data-icon="times"
    data-prefix="fas"
    onClick={[Function]}
    role="img"
    style={Object {}}
    title="Close"
    viewBox="0 0 384 512"
    xmlns="http://www.w3.org/2000/svg"
  >
    <path
      d="M323.1 441l53.9-53.9c9.4-9.4 9.4-24.5 0-33.9L279.8 256l97.2-97.2c9.4-9.4 9.4-24.5 0-33.9L323.1 71c-9.4-9.4-24.5-9.4-33.9 0L192 168.2 94.8 71c-9.4-9.4-24.5-9.4-33.9 0L7 124.9c-9.4 9.4-9.4 24.5 0 33.9l97.2 97.2L7 353.2c-9.4 9.4-9.4 24.5 0 33.9L60.9 441c9.4 9.4 24.5 9.4 33.9 0l97.2-97.2 97.2 97.2c9.3 9.3 24.5 9.3 33.9 0z"
      fill="currentColor"
      style={Object {}}
    />
  </svg>
</div>
`;
